// Jest Snapshot v1, https://goo.gl/fbAQLP

exports[`class to tracked table 1`] = `
"table:
  name: users
  schema: public
object_relationships:
  - name: project
    using:
      manual_configuration:
        column_mapping:
          id: user_id
        insertion_order: null
        remote_table:
          name: projects
          schema: public
"
`;

exports[`write all tables file 1`] = `
"- '!include public_tasks.yaml'
- '!include public_users.yaml'
"
`;
